{"log":
 [{"message":
   ".> LEAN_PATH=././.lake/packages/batteries/.lake/build/lib:././.lake/packages/Qq/.lake/build/lib:././.lake/packages/aesop/.lake/build/lib:././.lake/packages/proofwidgets/.lake/build/lib:././.lake/packages/Cli/.lake/build/lib:././.lake/packages/importGraph/.lake/build/lib:././.lake/packages/LeanSearchClient/.lake/build/lib:././.lake/packages/mathlib/.lake/build/lib:././.lake/build/lib LD_LIBRARY_PATH= /home/runner/.elan/toolchains/leanprover--lean4---v4.12.0/bin/lean ./././lean/Beal/B04_Modular_Core.lean -R ./././lean -o ././.lake/build/lib/Beal/B04_Modular_Core.olean -i ././.lake/build/lib/Beal/B04_Modular_Core.ilean -c ././.lake/build/ir/Beal/B04_Modular_Core.c --json",
   "level": "trace"},
  {"message":
   "./././lean/Beal/B04_Modular_Core.lean:2:25: unused variable `A`\nnote: this linter can be disabled with `set_option linter.unusedVariables false`",
   "level": "warning"},
  {"message":
   "./././lean/Beal/B04_Modular_Core.lean:2:27: unused variable `B`\nnote: this linter can be disabled with `set_option linter.unusedVariables false`",
   "level": "warning"},
  {"message":
   "./././lean/Beal/B04_Modular_Core.lean:2:29: unused variable `C`\nnote: this linter can be disabled with `set_option linter.unusedVariables false`",
   "level": "warning"},
  {"message":
   "./././lean/Beal/B04_Modular_Core.lean:10:0: 'IsFreyModular04Core' does not depend on any axioms",
   "level": "info"},
  {"message":
   "./././lean/Beal/B04_Modular_Core.lean:11:0: 'ModularityTheoremHolds04Core' does not depend on any axioms",
   "level": "info"},
  {"message":
   "./././lean/Beal/B04_Modular_Core.lean:12:0: 'QExpansion04Core' does not depend on any axioms",
   "level": "info"},
  {"message":
   "./././lean/Beal/B04_Modular_Core.lean:13:0: 'HeckeEigenvalue04Core' does not depend on any axioms",
   "level": "info"}],
 "depHash": "8183375147593306448"}