{"log":
 [{"message":
   ".> LEAN_PATH=././.lake/packages/batteries/.lake/build/lib:././.lake/packages/Qq/.lake/build/lib:././.lake/packages/aesop/.lake/build/lib:././.lake/packages/proofwidgets/.lake/build/lib:././.lake/packages/Cli/.lake/build/lib:././.lake/packages/importGraph/.lake/build/lib:././.lake/packages/LeanSearchClient/.lake/build/lib:././.lake/packages/mathlib/.lake/build/lib:././.lake/build/lib LD_LIBRARY_PATH= /home/runner/.elan/toolchains/leanprover--lean4---v4.12.0/bin/lean ./././lean/Beal/B05_Modularity.lean -R ./././lean -o ././.lake/build/lib/Beal/B05_Modularity.olean -i ././.lake/build/lib/Beal/B05_Modularity.ilean -c ././.lake/build/ir/Beal/B05_Modularity.c --json",
   "level": "trace"},
  {"message":
   "./././lean/Beal/B05_Modularity.lean:107:0: 'BealModularity.s2_dim_zero_from_b10' does not depend on any axioms",
   "level": "info"},
  {"message":
   "./././lean/Beal/B05_Modularity.lean:108:0: 'BealModularity.lower_frey_conductor_of_exact_factor' depends on axioms: [propext]",
   "level": "info"},
  {"message":
   "./././lean/Beal/B05_Modularity.lean:109:0: 'BealModularity.isBealSolution05Core_to_wrapper' depends on axioms: [propext]",
   "level": "info"},
  {"message":
   "./././lean/Beal/B05_Modularity.lean:110:0: 'BealModularity.ribet_level_lowering_of_conductor_computation' depends on axioms: [propext,\n Classical.choice,\n Quot.sound]",
   "level": "info"},
  {"message":
   "./././lean/Beal/B05_Modularity.lean:111:0: 'BealModularity.modularity_hypothesis_of_bridges' depends on axioms: [propext, Classical.choice, Quot.sound]",
   "level": "info"},
  {"message":
   "./././lean/Beal/B05_Modularity.lean:112:0: 'BealModularity.modularity_hypothesis_with_assumptions' depends on axioms: [propext,\n BealFreyConductor.frey_conductor_computation,\n BealModularity.mazur_irreducibility_axiom,\n BealModularity.wiles_lifting_axiom,\n Classical.choice,\n Quot.sound]",
   "level": "info"}],
 "depHash": "12684748679136663376"}