{"log":
 [{"message":
   ".> LEAN_PATH=././.lake/packages/batteries/.lake/build/lib:././.lake/packages/Qq/.lake/build/lib:././.lake/packages/aesop/.lake/build/lib:././.lake/packages/proofwidgets/.lake/build/lib:././.lake/packages/Cli/.lake/build/lib:././.lake/packages/importGraph/.lake/build/lib:././.lake/packages/LeanSearchClient/.lake/build/lib:././.lake/packages/mathlib/.lake/build/lib:././.lake/build/lib LD_LIBRARY_PATH= /home/runner/.elan/toolchains/leanprover--lean4---v4.12.0/bin/lean ./././lean/Beal/B14_FreyConductor_Core.lean -R ./././lean -o ././.lake/build/lib/Beal/B14_FreyConductor_Core.olean -i ././.lake/build/lib/Beal/B14_FreyConductor_Core.ilean -c ././.lake/build/ir/Beal/B14_FreyConductor_Core.c --json",
   "level": "trace"},
  {"message":
   "./././lean/Beal/B14_FreyConductor_Core.lean:30:0: 'Divides14Core' does not depend on any axioms",
   "level": "info"},
  {"message":
   "./././lean/Beal/B14_FreyConductor_Core.lean:31:0: 'Prime14Core' does not depend on any axioms",
   "level": "info"},
  {"message":
   "./././lean/Beal/B14_FreyConductor_Core.lean:32:0: 'FreyConductorSchematic' does not depend on any axioms",
   "level": "info"},
  {"message":
   "./././lean/Beal/B14_FreyConductor_Core.lean:33:0: 'RadCertificate' does not depend on any axioms",
   "level": "info"},
  {"message":
   "./././lean/Beal/B14_FreyConductor_Core.lean:34:0: 'FreyConductorRealCertificate' does not depend on any axioms",
   "level": "info"},
  {"message":
   "./././lean/Beal/B14_FreyConductor_Core.lean:35:0: 'FreyConductorDividesABC14Core' does not depend on any axioms",
   "level": "info"},
  {"message":
   "./././lean/Beal/B14_FreyConductor_Core.lean:36:0: 'BealPrimesNotDivideConductor14Core' does not depend on any axioms",
   "level": "info"}],
 "depHash": "4461279820834244738"}