{"log":
 [{"message":
   ".> LEAN_PATH=././.lake/packages/batteries/.lake/build/lib:././.lake/packages/Qq/.lake/build/lib:././.lake/packages/aesop/.lake/build/lib:././.lake/packages/proofwidgets/.lake/build/lib:././.lake/packages/Cli/.lake/build/lib:././.lake/packages/importGraph/.lake/build/lib:././.lake/packages/LeanSearchClient/.lake/build/lib:././.lake/packages/mathlib/.lake/build/lib:././.lake/build/lib LD_LIBRARY_PATH= /home/runner/.elan/toolchains/leanprover--lean4---v4.12.0/bin/lean ./././lean/Beal/B15_LevelTo2.lean -R ./././lean -o ././.lake/build/lib/Beal/B15_LevelTo2.olean -i ././.lake/build/lib/Beal/B15_LevelTo2.ilean -c ././.lake/build/ir/Beal/B15_LevelTo2.c --json",
   "level": "trace"},
  {"message":
   "./././lean/Beal/B15_LevelTo2.lean:59:0: 'BealLevelTo2.CanLowerLevelCore' does not depend on any axioms",
   "level": "info"},
  {"message":
   "./././lean/Beal/B15_LevelTo2.lean:60:0: 'BealLevelTo2.canLowerLevel_of_exact' depends on axioms: [propext]",
   "level": "info"},
  {"message":
   "./././lean/Beal/B15_LevelTo2.lean:61:0: 'BealLevelTo2.exact_prime_removal_lowered_level' depends on axioms: [propext]",
   "level": "info"},
  {"message":
   "./././lean/Beal/B15_LevelTo2.lean:62:0: 'BealLevelTo2.LevelTwoArithmeticWitness' does not depend on any axioms",
   "level": "info"},
  {"message":
   "./././lean/Beal/B15_LevelTo2.lean:63:0: 'BealLevelTo2.level_two_arithmetic_witness' depends on axioms: [propext]",
   "level": "info"}],
 "depHash": "8384202335168869291"}